// Vitest Snapshot v1, https://vitest.dev/guide/snapshot.html

exports[`POST /api/triggers > creates a github trigger with push defaults and describes it 1`] = `
{
  "active": true,
  "config": {
    "branches": [],
    "event": "push",
    "issueActions": [
      "opened",
    ],
    "issueLabel": null,
  },
  "endpoint": null,
  "event": "On push",
  "firedCount": 0,
  "id": Any<Number>,
  "lastFiredAt": null,
  "projectIds": [
    Any<Number>,
  ],
  "projects": [
    "test-php",
  ],
  "source": "github",
  "workflowId": Any<Number>,
  "workflowName": Any<String>,
}
`;
