// Vitest Snapshot v1, https://vitest.dev/guide/snapshot.html

exports[`POST /api/triggers > creates a github trigger and describes it 1`] = `
{
  "active": true,
  "config": {
    "filters": {},
    "kind": "pull_request",
    "on": [
      {
        "type": "opened",
      },
    ],
  },
  "endpoint": null,
  "event": "On pull request · opened",
  "firedCount": 0,
  "id": Any<Number>,
  "lastFiredAt": null,
  "projectIds": [
    Any<Number>,
  ],
  "projects": [
    "test-php",
  ],
  "source": "github",
  "workflowId": Any<Number>,
  "workflowName": Any<String>,
}
`;
